<?xml version="1.0" encoding="UTF-8"?>
<testsuites name="jest tests" tests="43" failures="0" errors="0" time="7.001">
  <testsuite name="EventFormClient" errors="0" failures="0" skipped="1" timestamp="2025-05-12T13:23:40" time="4.089" tests="5">
    <testcase classname="EventFormClient タイトル未入力時はバリデーションエラーを表示する" name="EventFormClient タイトル未入力時はバリデーションエラーを表示する" time="0.332">
    </testcase>
    <testcase classname="EventFormClient 候補日程未設定時はバリデーションエラーを表示する" name="EventFormClient 候補日程未設定時はバリデーションエラーを表示する" time="0.133">
    </testcase>
    <testcase classname="EventFormClient 利用規約未同意時はバリデーションエラーを表示する" name="EventFormClient 利用規約未同意時はバリデーションエラーを表示する" time="0.106">
    </testcase>
    <testcase classname="EventFormClient 正常入力時にcreateEventが呼ばれる" name="EventFormClient 正常入力時にcreateEventが呼ばれる" time="0.122">
    </testcase>
    <testcase classname="EventFormClient サーバーエラー時はエラーメッセージを表示する" name="EventFormClient サーバーエラー時はエラーメッセージを表示する" time="0">
      <skipped/>
    </testcase>
  </testsuite>
  <testsuite name="AvailabilityForm" errors="0" failures="0" skipped="0" timestamp="2025-05-12T13:23:44" time="0.689" tests="4">
    <testcase classname="AvailabilityForm 名前未入力時はバリデーションエラーを表示する" name="AvailabilityForm 名前未入力時はバリデーションエラーを表示する" time="0.18">
    </testcase>
    <testcase classname="AvailabilityForm 利用規約未同意時はバリデーションエラーを表示する" name="AvailabilityForm 利用規約未同意時はバリデーションエラーを表示する" time="0.079">
    </testcase>
    <testcase classname="AvailabilityForm 正常入力時にsubmitAvailabilityが呼ばれる" name="AvailabilityForm 正常入力時にsubmitAvailabilityが呼ばれる" time="0.105">
    </testcase>
    <testcase classname="AvailabilityForm サーバーエラー時はエラーメッセージを表示する" name="AvailabilityForm サーバーエラー時はエラーメッセージを表示する" time="0.155">
    </testcase>
  </testsuite>
  <testsuite name="createEvent" errors="0" failures="0" skipped="0" timestamp="2025-05-12T13:23:45" time="0.227" tests="15">
    <testcase classname="createEvent 正常な入力でイベントが作成される" name="createEvent 正常な入力でイベントが作成される" time="0.004">
    </testcase>
    <testcase classname="createEvent タイトル未入力時はバリデーションエラー" name="createEvent タイトル未入力時はバリデーションエラー" time="0.001">
    </testcase>
    <testcase classname="createEvent 候補日程未入力時はバリデーションエラー" name="createEvent 候補日程未入力時はバリデーションエラー" time="0.001">
    </testcase>
    <testcase classname="createEvent 候補日程の形式不正時はエラー" name="createEvent 候補日程の形式不正時はエラー" time="0.001">
    </testcase>
    <testcase classname="createEvent DBエラー時はエラーメッセージが返る" name="createEvent DBエラー時はエラーメッセージが返る" time="0.011">
    </testcase>
    <testcase classname="submitAvailability 正常な入力で回答が保存される" name="submitAvailability 正常な入力で回答が保存される" time="0.005">
    </testcase>
    <testcase classname="submitAvailability 必須項目未入力時はエラー" name="submitAvailability 必須項目未入力時はエラー" time="0.001">
    </testcase>
    <testcase classname="submitAvailability イベントが存在しない場合はエラー" name="submitAvailability イベントが存在しない場合はエラー" time="0.001">
    </testcase>
    <testcase classname="submitAvailability 回答が1件もない場合はエラー" name="submitAvailability 回答が1件もない場合はエラー" time="0.001">
    </testcase>
    <testcase classname="submitAvailability 既存参加者の上書き保存ができる" name="submitAvailability 既存参加者の上書き保存ができる" time="0.002">
    </testcase>
    <testcase classname="finalizeEvent 必須パラメータ不足時はエラー" name="finalizeEvent 必須パラメータ不足時はエラー" time="0">
    </testcase>
    <testcase classname="finalizeEvent イベントが存在しない場合はエラー" name="finalizeEvent イベントが存在しない場合はエラー" time="0.001">
    </testcase>
    <testcase classname="finalizeEvent 日程が不正な場合はエラー" name="finalizeEvent 日程が不正な場合はエラー" time="0.001">
    </testcase>
    <testcase classname="finalizeEvent DBエラー時はエラーメッセージが返る" name="finalizeEvent DBエラー時はエラーメッセージが返る" time="0.001">
    </testcase>
    <testcase classname="finalizeEvent 正常な入力で日程が確定できる" name="finalizeEvent 正常な入力で日程が確定できる" time="0.001">
    </testcase>
  </testsuite>
  <testsuite name="PwaHomePage" errors="0" failures="0" skipped="0" timestamp="2025-05-12T13:23:45" time="0.348" tests="5">
    <testcase classname="PwaHomePage サービス名・キャッチフレーズが表示される" name="PwaHomePage サービス名・キャッチフレーズが表示される" time="0.019">
    </testcase>
    <testcase classname="PwaHomePage 新規イベント作成ボタンが表示され、/createに遷移する" name="PwaHomePage 新規イベント作成ボタンが表示され、/createに遷移する" time="0.027">
    </testcase>
    <testcase classname="PwaHomePage お気に入りイベント一覧が表示される" name="PwaHomePage お気に入りイベント一覧が表示される" time="0.007">
    </testcase>
    <testcase classname="PwaHomePage 最近アクセスイベント一覧が表示される" name="PwaHomePage 最近アクセスイベント一覧が表示される" time="0.009">
    </testcase>
    <testcase classname="PwaHomePage イベントURL/IDから開くフォームのバリデーション（空欄・不正値・正しいID/URL）" name="PwaHomePage イベントURL/IDから開くフォームのバリデーション（空欄・不正値・正しいID/URL）" time="0.048">
    </testcase>
  </testsuite>
  <testsuite name="AvailabilitySummary" errors="0" failures="0" skipped="0" timestamp="2025-05-12T13:23:45" time="0.414" tests="5">
    <testcase classname="AvailabilitySummary 日程ごとの○人数/×人数が正しく表示される（リスト表示）" name="AvailabilitySummary 日程ごとの○人数/×人数が正しく表示される（リスト表示）" time="0.045">
    </testcase>
    <testcase classname="AvailabilitySummary 参加者ごとの回答マトリクスが正しく描画される（個別表示）" name="AvailabilitySummary 参加者ごとの回答マトリクスが正しく描画される（個別表示）" time="0.026">
    </testcase>
    <testcase classname="AvailabilitySummary ヒートマップ表示でセルが正しく描画される" name="AvailabilitySummary ヒートマップ表示でセルが正しく描画される" time="0.019">
    </testcase>
    <testcase classname="AvailabilitySummary 参加者がいない場合はメッセージを表示する" name="AvailabilitySummary 参加者がいない場合はメッセージを表示する" time="0.007">
    </testcase>
    <testcase classname="AvailabilitySummary タブ切り替えで各ビューが切り替わる" name="AvailabilitySummary タブ切り替えで各ビューが切り替わる" time="0.024">
    </testcase>
  </testsuite>
  <testsuite name="お気に入りイベント機能" errors="0" failures="0" skipped="0" timestamp="2025-05-12T13:23:46" time="0.265" tests="1">
    <testcase classname="お気に入りイベント機能 お気に入り追加・削除が一覧に即時反映される" name="お気に入りイベント機能 お気に入り追加・削除が一覧に即時反映される" time="0.043">
    </testcase>
  </testsuite>
  <testsuite name="/api/generate-ics/route.ts" errors="0" failures="0" skipped="0" timestamp="2025-05-12T13:23:46" time="0.178" tests="8">
    <testcase classname="/api/generate-ics/route.ts eventパラメータがない場合は400" name="/api/generate-ics/route.ts eventパラメータがない場合は400" time="0.003">
    </testcase>
    <testcase classname="/api/generate-ics/route.ts イベントが存在しない場合は404" name="/api/generate-ics/route.ts イベントが存在しない場合は404" time="0.002">
    </testcase>
    <testcase classname="/api/generate-ics/route.ts 確定日程がない場合は400" name="/api/generate-ics/route.ts 確定日程がない場合は400" time="0.001">
    </testcase>
    <testcase classname="/api/generate-ics/route.ts 日程情報が取得できない場合は404" name="/api/generate-ics/route.ts 日程情報が取得できない場合は404" time="0.001">
    </testcase>
    <testcase classname="/api/generate-ics/route.ts 正常に.icsファイルが生成される" name="/api/generate-ics/route.ts 正常に.icsファイルが生成される" time="0.002">
    </testcase>
    <testcase classname="generateGoogleCalendarUrl 正しいGoogleカレンダーURLが生成される" name="generateGoogleCalendarUrl 正しいGoogleカレンダーURLが生成される" time="0.002">
    </testcase>
    <testcase classname="generateGoogleCalendarUrl 日本語や特殊文字もURLエンコードされる" name="generateGoogleCalendarUrl 日本語や特殊文字もURLエンコードされる" time="0.001">
    </testcase>
    <testcase classname="generateGoogleCalendarUrl 省略パラメータも問題なく生成される" name="generateGoogleCalendarUrl 省略パラメータも問題なく生成される" time="0.001">
    </testcase>
  </testsuite>
</testsuites>